// Jest Snapshot v1, https://goo.gl/fbAQLP

exports[`ResultList matches snapshot 1`] = `
<DocumentFragment>
  .c2 {
  width: 30px;
  min-width: 30px;
  display: -webkit-box;
  display: -webkit-flex;
  display: -ms-flexbox;
  display: flex;
  -webkit-align-items: center;
  -webkit-box-align: center;
  -ms-flex-align: center;
  align-items: center;
  -webkit-box-pack: center;
  -webkit-justify-content: center;
  -ms-flex-pack: center;
  justify-content: center;
}

.c4 {
  margin-left: 8px;
  display: -webkit-box;
  display: -webkit-flex;
  display: -ms-flexbox;
  display: flex;
  -webkit-flex-direction: column;
  -ms-flex-direction: column;
  flex-direction: column;
  overflow: hidden;
  -webkit-flex: 1;
  -ms-flex: 1;
  flex: 1;
}

.c3 {
  width: 24px;
  height: 24px;
}

.c6 {
  color: #333333;
  font-size: 15px;
  overflow: hidden;
  text-overflow: ellipsis;
  white-space: nowrap;
  -webkit-flex: 1;
  -ms-flex: 1;
  flex: 1;
}

.c8 {
  color: #9999aa;
  margin-top: 2px;
  font-size: 13px;
  font-weight: lighter;
  overflow: hidden;
  text-overflow: ellipsis;
  white-space: nowrap;
  -webkit-flex: 1;
  -ms-flex: 1;
  flex: 1;
}

.c1 {
  width: 100%;
  height: 46px;
  padding: 3px;
  margin-bottom: 2px;
  overflow: hidden;
  display: -webkit-box;
  display: -webkit-flex;
  display: -ms-flexbox;
  display: flex;
  -webkit-flex-direction: row;
  -ms-flex-direction: row;
  flex-direction: row;
  background-color: #0067ff;
}

.c1 .c5 {
  color: #fafafa;
}

.c1 .c7 {
  color: #bcd5fb;
}

.c9 {
  width: 100%;
  height: 46px;
  padding: 3px;
  margin-bottom: 2px;
  overflow: hidden;
  display: -webkit-box;
  display: -webkit-flex;
  display: -ms-flexbox;
  display: flex;
  -webkit-flex-direction: row;
  -ms-flex-direction: row;
  flex-direction: row;
}

.c0 {
  width: 100%;
  height: 432px;
  padding: 0;
  margin: 8px 0 0;
  display: block;
  list-style: none;
  overflow-x: hidden;
  overflow-y: auto;
  white-space: nowrap;
  cursor: default;
}

<ul
    class="c0"
  >
    <li
      class="c1"
    >
      <div
        class="c2"
      >
        <img
          class="c3"
          src="chrome-extension://EXTENSION_ID/_favicon/?pageUrl=https%3A%2F%2Fexample.com&size=32"
        />
      </div>
      <div
        class="c4"
      >
        <div
          class="c5 c6"
        >
          item1
        </div>
        <div
          class="c7 c8"
        >
          https://example.com
        </div>
      </div>
    </li>
    <li
      class="c9"
    >
      <div
        class="c2"
      >
        <img
          class="c3"
          src="chrome-extension://EXTENSION_ID/_favicon/?pageUrl=https%3A%2F%2Fexample.com&size=32"
        />
      </div>
      <div
        class="c4"
      >
        <div
          class="c5 c6"
        >
          item2
        </div>
        <div
          class="c7 c8"
        >
          https://example.com
        </div>
      </div>
    </li>
  </ul>
</DocumentFragment>
`;
