// Jest Snapshot v1, https://goo.gl/fbAQLP

exports[`ResultListItem matches snapshot 1`] = `
<DocumentFragment>
  <div
    class="w-full min-h-[3rem] px-1 pb-px flex flex-row items-center gap-2 "
  >
    <div
      class="min-w-[2rem] flex justify-center"
    >
      <img
        alt="test"
        class="w-6 h-6"
        src="chrome-extension://EXTENSION_ID/_favicon/?pageUrl=https%3A%2F%2Fexample.com&size=32"
      />
    </div>
    <div
      class="grow flex flex-col gap-0.5 overflow-hidden"
    >
      <div
        class="text-sm truncate text-gray-700"
      >
        test
      </div>
      <div
        class="text-xs font-light truncate text-gray-400"
      >
        https://example.com
      </div>
    </div>
  </div>
</DocumentFragment>
`;
