// Jest Snapshot v1, https://goo.gl/fbAQLP

exports[`ResultListItem matches snapshot 1`] = `
<DocumentFragment>
  .c1 {
  width: 30px;
  min-width: 30px;
  display: -webkit-box;
  display: -webkit-flex;
  display: -ms-flexbox;
  display: flex;
  -webkit-align-items: center;
  -webkit-box-align: center;
  -ms-flex-align: center;
  align-items: center;
  -webkit-box-pack: center;
  -webkit-justify-content: center;
  -ms-flex-pack: center;
  justify-content: center;
}

.c3 {
  margin-left: 8px;
  display: -webkit-box;
  display: -webkit-flex;
  display: -ms-flexbox;
  display: flex;
  -webkit-flex-direction: column;
  -ms-flex-direction: column;
  flex-direction: column;
  overflow: hidden;
  -webkit-flex: 1;
  -ms-flex: 1;
  flex: 1;
}

.c2 {
  width: 24px;
  height: 24px;
}

.c4 {
  color: #333333;
  font-size: 15px;
  overflow: hidden;
  text-overflow: ellipsis;
  white-space: nowrap;
  -webkit-flex: 1;
  -ms-flex: 1;
  flex: 1;
}

.c5 {
  color: #9999aa;
  margin-top: 2px;
  font-size: 13px;
  font-weight: lighter;
  overflow: hidden;
  text-overflow: ellipsis;
  white-space: nowrap;
  -webkit-flex: 1;
  -ms-flex: 1;
  flex: 1;
}

.c0 {
  width: 100%;
  height: 46px;
  padding: 3px;
  margin-bottom: 2px;
  overflow: hidden;
  display: -webkit-box;
  display: -webkit-flex;
  display: -ms-flexbox;
  display: flex;
  -webkit-flex-direction: row;
  -ms-flex-direction: row;
  flex-direction: row;
}

<li
    class="c0"
  >
    <div
      class="c1"
    >
      <img
        class="c2"
        src="chrome-extension://EXTENSION_ID/_favicon/?pageUrl=https%3A%2F%2Fexample.com&size=32"
      />
    </div>
    <div
      class="c3"
    >
      <div
        class="c4"
      >
        test
      </div>
      <div
        class="c5"
      >
        https://example.com
      </div>
    </div>
  </li>
</DocumentFragment>
`;
