// Jest Snapshot v1, https://goo.gl/fbAQLP

exports[`ResultList matches snapshot 1`] = `
<DocumentFragment>
  <div
    class="w-full flex flex-col grow overflow-y-auto"
  >
    <div
      class="w-full min-h-12 px-1 pb-px flex flex-row items-center gap-2 bg-blue-700"
    >
      <div
        class="min-w-8 flex justify-center"
      >
        <img
          alt="item1"
          class="w-6 h-6"
          src="chrome-extension://EXTENSION_ID/_favicon/?pageUrl=https%3A%2F%2Fexample.com&size=32"
        />
      </div>
      <div
        class="grow flex flex-col gap-0.5 overflow-hidden"
      >
        <div
          class="text-sm truncate text-gray-100"
        >
          item1
        </div>
        <div
          class="text-xs font-light truncate text-gray-300"
        >
          https://example.com
        </div>
      </div>
    </div>
    <div
      class="w-full min-h-12 px-1 pb-px flex flex-row items-center gap-2 "
    >
      <div
        class="min-w-8 flex justify-center"
      >
        <img
          alt="item2"
          class="w-6 h-6"
          src="chrome-extension://EXTENSION_ID/_favicon/?pageUrl=https%3A%2F%2Fexample.com&size=32"
        />
      </div>
      <div
        class="grow flex flex-col gap-0.5 overflow-hidden"
      >
        <div
          class="text-sm truncate text-gray-700"
        >
          item2
        </div>
        <div
          class="text-xs font-light truncate text-gray-400"
        >
          https://example.com
        </div>
      </div>
    </div>
  </div>
</DocumentFragment>
`;
